// Jest Snapshot v1, https://goo.gl/fbAQLP

exports[`<Home /> Base snapshot Component Renders 1`] = `undefined`;
